[1m[31mERROR[39m[22m in [1m../api/src/APIProvider.tsx:5:10[39m[22m
[1m[31mERROR[39m[22m in [1m../components/src/components/button-link/button-link.tsx:19:9[39m[22m
[1m[31mERROR[39m[22m in [1m../components/src/components/fullscreen-error/fullscreen-error.tsx:3:10[39m[22m
[1m[31mERROR[39m[22m in [1m../components/src/components/route-with-subroutes/route-with-subroutes.tsx:76:73[39m[22m
[1m[31mERROR[39m[22m in [1m../components/src/components/vertical-tab/vertical-tab-header-group.tsx:58:13[39m[22m
[1m[31mERROR[39m[22m in [1m../shared/src/utils/brand/brand.ts:4:24[39m[22m
[1m[31mERROR[39m[22m in [1m../shared/src/utils/config/config.ts:10:10[39m[22m
[1m[31mERROR[39m[22m in [1m../shared/src/utils/login/login.ts:1:10[39m[22m
[1m[31mERROR[39m[22m in [1m../shared/src/utils/login/login.ts:1:26[39m[22m
[1m[31mERROR[39m[22m in [1m../shared/src/utils/login/login.ts:1:41[39m[22m
[1m[31mERROR[39m[22m in [1m../shared/src/utils/login/login.ts:1:80[39m[22m
[1m[31mERROR[39m[22m in [1m../shared/src/utils/storage/storage.ts:3:10[39m[22m
[1m[31mERROR[39m[22m in [1m../shared/src/utils/url/url.ts:2:10[39m[22m
[1m[31mERROR[39m[22m in [1m./src/AppV2/Components/AccountHeader/account-header.tsx:9:59[39m[22m
[1m[31mERROR[39m[22m in [1m./src/AppV2/Components/ContractCard/contract-card.tsx:149:17[39m[22m
[1m[31mERROR[39m[22m in [1m./src/AppV2/Components/ContractDetailsHeader/contract-details-header.tsx:17:59[39m[22m
[1m[31mERROR[39m[22m in [1m./src/AppV2/Components/DraggableList/draggable-list.tsx:2:78[39m[22m
[1m[31mERROR[39m[22m in [1m./src/AppV2/Components/DraggableList/draggable-list.tsx:70:14[39m[22m
[1m[31mERROR[39m[22m in [1m./src/AppV2/Components/DraggableList/draggable-list.tsx:99:30[39m[22m
[1m[31mERROR[39m[22m in [1m./src/AppV2/Components/Layout/Sidebar/sidebar.tsx:22:5[39m[22m
[1m[31mERROR[39m[22m in [1m./src/AppV2/Components/Layout/Sidebar/sidebar.tsx:23:5[39m[22m
[1m[31mERROR[39m[22m in [1m./src/AppV2/Components/Layout/Sidebar/sidebar.tsx:27:5[39m[22m
[1m[31mERROR[39m[22m in [1m./src/AppV2/Components/ServiceErrorSheet/__tests__/service-error-sheet.spec.tsx:117:26[39m[22m
[1m[31mERROR[39m[22m in [1m./src/AppV2/Components/ServiceErrorSheet/service-error-sheet.tsx:4:10[39m[22m
[1m[31mERROR[39m[22m in [1m./src/AppV2/Components/ServicesErrorSnackbar/services-error-snackbar.tsx:4:10[39m[22m
[1m[31mERROR[39m[22m in [1m./src/AppV2/Hooks/useContractDetails.ts:19:30[39m[22m
[1m[31mERROR[39m[22m in [1m./src/Modules/Contract/Containers/contract-replay.tsx:69:70[39m[22m
[1m[31mERROR[39m[22m in [1m./src/Stores/base-store.ts:3:25[39m[22m
